Status: INFEASIBLE
Best sol: [NOT_FEASIBLE]
Cost: 0
Solve Time: 180.91 secs
