Status: INFEASIBLE
Best sol: [NOT_FEASIBLE]
Cost: 0
Solve Time: 1.87 secs
