Status: INFEASIBLE
Best sol: [19, 13, 7, 11, 18, 4, 20, 14, 16, 1, 5, 9, 17, 8, 6, 3, 15, 2, 10, 12]
Cost: 222
Solve Time: 0.81 secs
